200 {"access_token":"eyJhbGciOiJIUzI1NiIsInR5cCI6IkpXVCJ9.eyJzdWIiOiI0MDJmMzliNi1lNjhlLTQ1NTItYTI5My1hMjRkY2I3Y2Q4NTMiLCJqdGkiOiI5ZTI5N2YzMGZhYzI0OWJlODIwZjY4NDQ1MjBjZDU5NiIsImlhdCI6MTc4NjA4NTk0MSwiZXhwIjoxNzg2MDg5NTQxLCJyb2xlIjoiYWRtaW4ifQ.mwB8sqZREKVs1fP9P8SAand1KjGTrNkWSDWMkFOqE_Q","refresh_token":"eyJhbGciOiJIUzI1NiIsInR5cCI6IkpXVCJ9.eyJzdWIiOiI0MDJmMzliNi1lNjhlLTQ1NTItYTI5My1hMjRkY2I3Y2Q4NTMiLCJqdGkiOiI1NDg3Yzg5NTczZGQ0MmM1ODJlMmFmOTFmYzU4ZDhmOSIsImlhdCI6MTc4NjA4NTk0MSwiZXhwIjoxNzg2NjkwNzQxLCJ0b2tlbl90eXBlIjoicmVmcmVzaCJ9.dQ-KPa2qz0GVfzXquRe3iPpc_USrh0sAIDkcL6CeDKw","token_type":"bearer"}
